<html>
<body>
<pre>
<h1>µVision Build Log</h1>
<h2>Project:</h2>
C:\Users\dh665\SysProg\DocetOS\DocetOS_mutex\DocetOS_mutex.uvproj
Project File Date:  11/17/2013

<h2>Output:</h2>
Rebuild target 'STM32F407 Flash'
compiling retarget.c...
compiling system_stm32f4xx.c...
assembling startup_stm32f4xx.s...
compiling serial.c...
compiling main.c...
compiling simpleRoundRobin.c...
assembling os_asm.s...
compiling os.c...
compiling hardfault.c...
linking...
Program Size: Code=2208 RO-data=444 RW-data=56 ZI-data=5312  
".\Flash\DocetOS_mutex.axf" - 0 Error(s), 0 Warning(s).
Rebuild target 'STM32F407 Flash'
compiling retarget.c...
compiling system_stm32f4xx.c...
assembling startup_stm32f4xx.s...
compiling serial.c...
compiling main.c...
.\OS\os.h(21): error:  #168: a function type is not allowed here
.\OS\os.h(22): error:  #168: a function type is not allowed here
compiling simpleRoundRobin.c...
.\OS\os.h(21): error:  #168: a function type is not allowed here
.\OS\os.h(22): error:  #168: a function type is not allowed here
assembling os_asm.s...
compiling os.c...
OS\os.h(21): error:  #168: a function type is not allowed here
OS\os.h(22): error:  #168: a function type is not allowed here
compiling hardfault.c...
Target not created
Rebuild target 'STM32F407 Flash'
compiling retarget.c...
compiling system_stm32f4xx.c...
assembling startup_stm32f4xx.s...
compiling serial.c...
compiling main.c...
.\OS\os.h(21): error:  #260-D: explicit type is missing ("int" assumed)
.\OS\os.h(22): error:  #260-D: explicit type is missing ("int" assumed)
compiling simpleRoundRobin.c...
.\OS\os.h(21): error:  #260-D: explicit type is missing ("int" assumed)
.\OS\os.h(22): error:  #260-D: explicit type is missing ("int" assumed)
assembling os_asm.s...
compiling os.c...
OS\os.h(21): error:  #260-D: explicit type is missing ("int" assumed)
OS\os.h(22): error:  #260-D: explicit type is missing ("int" assumed)
compiling hardfault.c...
Target not created
Rebuild target 'STM32F407 Flash'
compiling retarget.c...
compiling system_stm32f4xx.c...
assembling startup_stm32f4xx.s...
compiling serial.c...
compiling main.c...
.\OS\os.h(22): warning:  #65-D: expected a ";"
compiling simpleRoundRobin.c...
.\OS\os.h(22): warning:  #65-D: expected a ";"
assembling os_asm.s...
compiling os.c...
OS\os.h(22): warning:  #65-D: expected a ";"
OS\os.c(59): error:  #136: struct "<unnamed>" has no field "notify_callback"
compiling hardfault.c...
Target not created
Rebuild target 'STM32F407 Flash'
compiling retarget.c...
compiling system_stm32f4xx.c...
assembling startup_stm32f4xx.s...
compiling serial.c...
compiling main.c...
compiling simpleRoundRobin.c...
assembling os_asm.s...
compiling os.c...
OS\os.c(59): error:  #136: struct "<unnamed>" has no field "notify_callback"
compiling hardfault.c...
Target not created
Rebuild target 'STM32F407 Flash'
compiling retarget.c...
compiling system_stm32f4xx.c...
assembling startup_stm32f4xx.s...
compiling serial.c...
compiling main.c...
.\OS\os.h(22): error:  #18: expected a ")"
compiling simpleRoundRobin.c...
.\OS\os.h(22): error:  #18: expected a ")"
assembling os_asm.s...
compiling os.c...
OS\os.h(22): error:  #18: expected a ")"
OS\os.c(59): error:  #136: struct "<unnamed>" has no field "notify_callback"
compiling hardfault.c...
Target not created
Rebuild target 'STM32F407 Flash'
compiling retarget.c...
compiling system_stm32f4xx.c...
assembling startup_stm32f4xx.s...
compiling serial.c...
compiling main.c...
compiling simpleRoundRobin.c...
assembling os_asm.s...
compiling os.c...
compiling hardfault.c...
linking...
Program Size: Code=2228 RO-data=452 RW-data=56 ZI-data=5312  
".\Flash\DocetOS_mutex.axf" - 0 Error(s), 0 Warning(s).
Load "C:\\Users\\dh665\\SysProg\\DocetOS\\DocetOS_mutex\\Flash\\DocetOS_mutex.AXF" 
Erase Done.
Programming Done.
Verify OK.
Load "C:\\Users\\dh665\\SysProg\\DocetOS\\DocetOS_mutex\\Flash\\DocetOS_mutex.AXF" 
Erase Done.
Programming Done.
Verify OK.
Rebuild target 'STM32F407 Flash'
compiling retarget.c...
compiling system_stm32f4xx.c...
assembling startup_stm32f4xx.s...
compiling serial.c...
compiling main.c...
compiling simpleRoundRobin.c...
assembling os_asm.s...
compiling os.c...
compiling hardfault.c...
linking...
Program Size: Code=2228 RO-data=452 RW-data=56 ZI-data=5312  
".\Flash\DocetOS_mutex.axf" - 0 Error(s), 0 Warning(s).
Build target 'STM32F407 Flash'
compiling simpleRoundRobin.c...
linking...
.\Flash\DocetOS_mutex.axf: Error: L6218E: Undefined symbol simpleRoundRobin_notify (referred from simpleroundrobin.o).
.\Flash\DocetOS_mutex.axf: Error: L6218E: Undefined symbol simpleRoundRobin_wait (referred from simpleroundrobin.o).
Target not created
Rebuild target 'STM32F407 Flash'
compiling retarget.c...
compiling system_stm32f4xx.c...
assembling startup_stm32f4xx.s...
compiling serial.c...
compiling main.c...
compiling simpleRoundRobin.c...
assembling os_asm.s...
compiling os.c...
compiling hardfault.c...
linking...
.\Flash\DocetOS_mutex.axf: Error: L6218E: Undefined symbol simpleRoundRobin_notify (referred from simpleroundrobin.o).
.\Flash\DocetOS_mutex.axf: Error: L6218E: Undefined symbol simpleRoundRobin_wait (referred from simpleroundrobin.o).
Target not created
Rebuild target 'STM32F407 Flash'
compiling retarget.c...
compiling system_stm32f4xx.c...
assembling startup_stm32f4xx.s...
compiling serial.c...
compiling main.c...
compiling simpleRoundRobin.c...
assembling os_asm.s...
compiling os.c...
compiling hardfault.c...
linking...
Program Size: Code=2232 RO-data=452 RW-data=56 ZI-data=5312  
".\Flash\DocetOS_mutex.axf" - 0 Error(s), 0 Warning(s).
Build target 'STM32F407 Flash'
compiling simpleRoundRobin.c...
simpleRoundRobin.c(73): error:  #513: a value of type "void *" cannot be assigned to an entity of type "uint32_t"
Target not created
Build target 'STM32F407 Flash'
compiling simpleRoundRobin.c...
linking...
Program Size: Code=2240 RO-data=452 RW-data=56 ZI-data=5312  
".\Flash\DocetOS_mutex.axf" - 0 Error(s), 0 Warning(s).
Build target 'STM32F407 Flash'
compiling main.c...
.\OS\task.h(47): error:  #11-D: unrecognized preprocessing directive
compiling simpleRoundRobin.c...
.\OS\task.h(47): error:  #11-D: unrecognized preprocessing directive
simpleRoundRobin.c(74): error:  #20: identifier "TASK_STATE_WAITING" is undefined
compiling os.c...
OS\task.h(47): error:  #11-D: unrecognized preprocessing directive
Target not created
Rebuild target 'STM32F407 Flash'
compiling retarget.c...
compiling system_stm32f4xx.c...
assembling startup_stm32f4xx.s...
compiling serial.c...
compiling main.c...
compiling simpleRoundRobin.c...
assembling os_asm.s...
compiling os.c...
compiling hardfault.c...
linking...
Program Size: Code=2248 RO-data=452 RW-data=56 ZI-data=5312  
".\Flash\DocetOS_mutex.axf" - 0 Error(s), 0 Warning(s).
Build target 'STM32F407 Flash'
compiling simpleRoundRobin.c...
linking...
Program Size: Code=2248 RO-data=452 RW-data=56 ZI-data=5312  
".\Flash\DocetOS_mutex.axf" - 0 Error(s), 0 Warning(s).
Build target 'STM32F407 Flash'
compiling simpleRoundRobin.c...
linking...
Program Size: Code=2260 RO-data=452 RW-data=56 ZI-data=5312  
".\Flash\DocetOS_mutex.axf" - 0 Error(s), 0 Warning(s).
Build target 'STM32F407 Flash'
compiling simpleRoundRobin.c...
simpleRoundRobin.c(82): error:  #18: expected a ")"
simpleRoundRobin.c(82): error:  #127: expected a statement
simpleRoundRobin.c(83): error:  #169: expected a declaration
simpleRoundRobin.c(89): error:  #169: expected a declaration
Target not created
Build target 'STM32F407 Flash'
compiling simpleRoundRobin.c...
simpleRoundRobin.c(84): error:  #20: identifier "TAST_STATE_WAITING" is undefined
simpleRoundRobin.c(84): error:  #42: operand types are incompatible ("void *" and "uint32_t")
simpleRoundRobin.c(88): error:  #65: expected a ";"
Target not created
Build target 'STM32F407 Flash'
compiling simpleRoundRobin.c...
simpleRoundRobin.c(84): error:  #42: operand types are incompatible ("void *" and "uint32_t")
simpleRoundRobin.c(88): error:  #65: expected a ";"
Target not created
Build target 'STM32F407 Flash'
compiling simpleRoundRobin.c...
linking...
Program Size: Code=2296 RO-data=452 RW-data=56 ZI-data=5312  
".\Flash\DocetOS_mutex.axf" - 0 Error(s), 0 Warning(s).
Build target 'STM32F407 Flash'
compiling simpleRoundRobin.c...
simpleRoundRobin.c(85): warning:  #223-D: function "OS_currenTCB" declared implicitly
simpleRoundRobin.c(85): error:  #44: expression must have pointer type
Target not created
Build target 'STM32F407 Flash'
compiling simpleRoundRobin.c...
linking...
Program Size: Code=2312 RO-data=452 RW-data=56 ZI-data=5312  
".\Flash\DocetOS_mutex.axf" - 0 Error(s), 0 Warning(s).
Build target 'STM32F407 Flash'
compiling simpleRoundRobin.c...
linking...
Program Size: Code=2320 RO-data=452 RW-data=56 ZI-data=5312  
".\Flash\DocetOS_mutex.axf" - 0 Error(s), 0 Warning(s).
Build target 'STM32F407 Flash'
compiling simpleRoundRobin.c...
simpleRoundRobin.c(42): error:  #29: expected an expression
simpleRoundRobin.c(45): warning:  #12-D: parsing restarts here after previous syntax error
simpleRoundRobin.c(45): error:  #65: expected a ";"
Target not created
Build target 'STM32F407 Flash'
compiling simpleRoundRobin.c...
linking...
Program Size: Code=2336 RO-data=452 RW-data=56 ZI-data=5312  
".\Flash\DocetOS_mutex.axf" - 0 Error(s), 0 Warning(s).
Build target 'STM32F407 Flash'
compiling main.c...
compiling simpleRoundRobin.c...
compiling os.c...
linking...
Program Size: Code=2336 RO-data=452 RW-data=56 ZI-data=5312  
".\Flash\DocetOS_mutex.axf" - 0 Error(s), 0 Warning(s).
Build target 'STM32F407 Flash'
compiling main.c...
.\OS\os.h(53): error:  #1033: "__svc etc." incompatible with function definition
.\OS\os.h(56): error:  #130: expected a "{"
C:\Keil\ARM\ARMCC\bin\..\include\stdio.h(509): error:  #20: identifier "__va_list" is undefined
C:\Keil\ARM\ARMCC\bin\..\include\stdio.h(510): error:  #20: identifier "__va_list" is undefined
C:\Keil\ARM\ARMCC\bin\..\include\stdio.h(511): error:  #20: identifier "__va_list" is undefined
C:\Keil\ARM\ARMCC\bin\..\include\stdio.h(513): error:  #20: identifier "__va_list" is undefined
C:\Keil\ARM\ARMCC\bin\..\include\stdio.h(514): error:  #20: identifier "__va_list" is undefined
C:\Keil\ARM\ARMCC\bin\..\include\stdio.h(515): error:  #20: identifier "__va_list" is undefined
C:\Keil\ARM\ARMCC\bin\..\include\stdio.h(517): error:  #20: identifier "__va_list" is undefined
C:\Keil\ARM\ARMCC\bin\..\include\stdio.h(525): error:  #20: identifier "__va_list" is undefined
C:\Keil\ARM\ARMCC\bin\..\include\stdio.h(532): error:  #20: identifier "__va_list" is undefined
C:\Keil\ARM\ARMCC\bin\..\include\stdio.h(542): error:  #20: identifier "__va_list" is undefined
C:\Keil\ARM\ARMCC\bin\..\include\stdio.h(553): error:  #20: identifier "__va_list" is undefined
C:\Keil\ARM\ARMCC\bin\..\include\stdio.h(565): error:  #20: identifier "__va_list" is undefined
C:\Keil\ARM\ARMCC\bin\..\include\stdio.h(572): error:  #20: identifier "__va_list" is undefined
C:\Keil\ARM\ARMCC\bin\..\include\stdio.h(579): error:  #20: identifier "__va_list" is undefined
C:\Keil\ARM\ARMCC\bin\..\include\stdio.h(758): error:  #757: variable "fpos_t" is not a type name
C:\Keil\ARM\ARMCC\bin\..\include\stdio.h(786): error:  #757: variable "fpos_t" is not a type name
compiling simpleRoundRobin.c...
.\OS\os.h(53): error:  #1033: "__svc etc." incompatible with function definition
.\OS\os.h(56): error:  #130: expected a "{"
C:\Keil\ARM\Inc\ST\STM32F4xx\stm32f4xx.h(141): warning:  #12-D: parsing restarts here after previous syntax error
C:\Keil\ARM\Inc\ST\STM32F4xx\stm32f4xx.h(143): error:  #20: identifier "NonMaskableInt_IRQn" is undefined
C:\Keil\ARM\Inc\ST\STM32F4xx\stm32f4xx.h(144): error:  #20: identifier "MemoryManagement_IRQn" is undefined
C:\Keil\ARM\Inc\ST\STM32F4xx\stm32f4xx.h(145): error:  #20: identifier "BusFault_IRQn" is undefined
C:\Keil\ARM\Inc\ST\STM32F4xx\stm32f4xx.h(146): error:  #20: identifier "UsageFault_IRQn" is undefined
C:\Keil\ARM\Inc\ST\STM32F4xx\stm32f4xx.h(147): error:  #20: identifier "SVCall_IRQn" is undefined
C:\Keil\ARM\Inc\ST\STM32F4xx\stm32f4xx.h(148): error:  #20: identifier "DebugMonitor_IRQn" is undefined
C:\Keil\ARM\Inc\ST\STM32F4xx\stm32f4xx.h(149): error:  #20: identifier "PendSV_IRQn" is undefined
C:\Keil\ARM\Inc\ST\STM32F4xx\stm32f4xx.h(150): error:  #20: identifier "SysTick_IRQn" is undefined
C:\Keil\ARM\Inc\ST\STM32F4xx\stm32f4xx.h(152): error:  #20: identifier "WWDG_IRQn" is undefined
C:\Keil\ARM\Inc\ST\STM32F4xx\stm32f4xx.h(153): error:  #20: identifier "PVD_IRQn" is undefined
C:\Keil\ARM\Inc\ST\STM32F4xx\stm32f4xx.h(154): error:  #20: identifier "TAMP_STAMP_IRQn" is undefined
C:\Keil\ARM\Inc\ST\STM32F4xx\stm32f4xx.h(155): error:  #20: identifier "RTC_WKUP_IRQn" is undefined
C:\Keil\ARM\Inc\ST\STM32F4xx\stm32f4xx.h(156): error:  #20: identifier "FLASH_IRQn" is undefined
C:\Keil\ARM\Inc\ST\STM32F4xx\stm32f4xx.h(157): error:  #20: identifier "RCC_IRQn" is undefined
C:\Keil\ARM\Inc\ST\STM32F4xx\stm32f4xx.h(158): error:  #20: identifier "EXTI0_IRQn" is undefined
C:\Keil\ARM\Inc\ST\STM32F4xx\stm32f4xx.h(159): error:  #20: identifier "EXTI1_IRQn" is undefined
C:\Keil\ARM\Inc\ST\STM32F4xx\stm32f4xx.h(160): error:  #20: identifier "EXTI2_IRQn" is undefined
C:\Keil\ARM\Inc\ST\STM32F4xx\stm32f4xx.h(161): error:  #20: identifier "EXTI3_IRQn" is undefined
C:\Keil\ARM\Inc\ST\STM32F4xx\stm32f4xx.h(162): error:  #20: identifier "EXTI4_IRQn" is undefined
C:\Keil\ARM\Inc\ST\STM32F4xx\stm32f4xx.h(163): error:  #20: identifier "DMA1_Stream0_IRQn" is undefined
C:\Keil\ARM\Inc\ST\STM32F4xx\stm32f4xx.h(164): error:  #20: identifier "DMA1_Stream1_IRQn" is undefined
C:\Keil\ARM\Inc\ST\STM32F4xx\stm32f4xx.h(165): error:  #20: identifier "DMA1_Stream2_IRQn" is undefined
C:\Keil\ARM\Inc\ST\STM32F4xx\stm32f4xx.h(166): error:  #20: identifier "DMA1_Stream3_IRQn" is undefined
C:\Keil\ARM\Inc\ST\STM32F4xx\stm32f4xx.h(167): error:  #20: identifier "DMA1_Stream4_IRQn" is undefined
C:\Keil\ARM\Inc\ST\STM32F4xx\stm32f4xx.h(168): error:  #20: identifier "DMA1_Stream5_IRQn" is undefined
C:\Keil\ARM\Inc\ST\STM32F4xx\stm32f4xx.h(169): error:  #20: identifier "DMA1_Stream6_IRQn" is undefined
C:\Keil\ARM\Inc\ST\STM32F4xx\stm32f4xx.h(170): error:  #20: identifier "ADC_IRQn" is undefined
C:\Keil\ARM\Inc\ST\STM32F4xx\stm32f4xx.h(171): error:  #20: identifier "CAN1_TX_IRQn" is undefined
compiling os.c...
OS\os.h(53): error:  #1033: "__svc etc." incompatible with function definition
OS\os.h(56): error:  #130: expected a "{"
C:\Keil\ARM\Inc\ST\STM32F4xx\stm32f4xx.h(141): warning:  #12-D: parsing restarts here after previous syntax error
C:\Keil\ARM\Inc\ST\STM32F4xx\stm32f4xx.h(143): error:  #20: identifier "NonMaskableInt_IRQn" is undefined
C:\Keil\ARM\Inc\ST\STM32F4xx\stm32f4xx.h(144): error:  #20: identifier "MemoryManagement_IRQn" is undefined
C:\Keil\ARM\Inc\ST\STM32F4xx\stm32f4xx.h(145): error:  #20: identifier "BusFault_IRQn" is undefined
C:\Keil\ARM\Inc\ST\STM32F4xx\stm32f4xx.h(146): error:  #20: identifier "UsageFault_IRQn" is undefined
C:\Keil\ARM\Inc\ST\STM32F4xx\stm32f4xx.h(147): error:  #20: identifier "SVCall_IRQn" is undefined
C:\Keil\ARM\Inc\ST\STM32F4xx\stm32f4xx.h(148): error:  #20: identifier "DebugMonitor_IRQn" is undefined
C:\Keil\ARM\Inc\ST\STM32F4xx\stm32f4xx.h(149): error:  #20: identifier "PendSV_IRQn" is undefined
C:\Keil\ARM\Inc\ST\STM32F4xx\stm32f4xx.h(150): error:  #20: identifier "SysTick_IRQn" is undefined
C:\Keil\ARM\Inc\ST\STM32F4xx\stm32f4xx.h(152): error:  #20: identifier "WWDG_IRQn" is undefined
C:\Keil\ARM\Inc\ST\STM32F4xx\stm32f4xx.h(153): error:  #20: identifier "PVD_IRQn" is undefined
C:\Keil\ARM\Inc\ST\STM32F4xx\stm32f4xx.h(154): error:  #20: identifier "TAMP_STAMP_IRQn" is undefined
C:\Keil\ARM\Inc\ST\STM32F4xx\stm32f4xx.h(155): error:  #20: identifier "RTC_WKUP_IRQn" is undefined
C:\Keil\ARM\Inc\ST\STM32F4xx\stm32f4xx.h(156): error:  #20: identifier "FLASH_IRQn" is undefined
C:\Keil\ARM\Inc\ST\STM32F4xx\stm32f4xx.h(157): error:  #20: identifier "RCC_IRQn" is undefined
C:\Keil\ARM\Inc\ST\STM32F4xx\stm32f4xx.h(158): error:  #20: identifier "EXTI0_IRQn" is undefined
C:\Keil\ARM\Inc\ST\STM32F4xx\stm32f4xx.h(159): error:  #20: identifier "EXTI1_IRQn" is undefined
C:\Keil\ARM\Inc\ST\STM32F4xx\stm32f4xx.h(160): error:  #20: identifier "EXTI2_IRQn" is undefined
C:\Keil\ARM\Inc\ST\STM32F4xx\stm32f4xx.h(161): error:  #20: identifier "EXTI3_IRQn" is undefined
C:\Keil\ARM\Inc\ST\STM32F4xx\stm32f4xx.h(162): error:  #20: identifier "EXTI4_IRQn" is undefined
C:\Keil\ARM\Inc\ST\STM32F4xx\stm32f4xx.h(163): error:  #20: identifier "DMA1_Stream0_IRQn" is undefined
C:\Keil\ARM\Inc\ST\STM32F4xx\stm32f4xx.h(164): error:  #20: identifier "DMA1_Stream1_IRQn" is undefined
C:\Keil\ARM\Inc\ST\STM32F4xx\stm32f4xx.h(165): error:  #20: identifier "DMA1_Stream2_IRQn" is undefined
C:\Keil\ARM\Inc\ST\STM32F4xx\stm32f4xx.h(166): error:  #20: identifier "DMA1_Stream3_IRQn" is undefined
C:\Keil\ARM\Inc\ST\STM32F4xx\stm32f4xx.h(167): error:  #20: identifier "DMA1_Stream4_IRQn" is undefined
C:\Keil\ARM\Inc\ST\STM32F4xx\stm32f4xx.h(168): error:  #20: identifier "DMA1_Stream5_IRQn" is undefined
C:\Keil\ARM\Inc\ST\STM32F4xx\stm32f4xx.h(169): error:  #20: identifier "DMA1_Stream6_IRQn" is undefined
C:\Keil\ARM\Inc\ST\STM32F4xx\stm32f4xx.h(170): error:  #20: identifier "ADC_IRQn" is undefined
C:\Keil\ARM\Inc\ST\STM32F4xx\stm32f4xx.h(171): error:  #20: identifier "CAN1_TX_IRQn" is undefined
Target not created
Build target 'STM32F407 Flash'
compiling main.c...
compiling simpleRoundRobin.c...
compiling os.c...
linking...
Program Size: Code=2336 RO-data=452 RW-data=56 ZI-data=5312  
".\Flash\DocetOS_mutex.axf" - 0 Error(s), 0 Warning(s).
Build target 'STM32F407 Flash'
compiling main.c...
.\OS\os.h(54): error:  #147-D: declaration is incompatible with "void OS_wait(void *)__svc(5)" (declared at line 53)
compiling simpleRoundRobin.c...
.\OS\os.h(54): error:  #147-D: declaration is incompatible with "void OS_wait(void *)__svc(5)" (declared at line 53)
compiling os.c...
OS\os.h(54): error:  #147-D: declaration is incompatible with "void OS_wait(void *)__svc(5)" (declared at line 53)
Target not created
Build target 'STM32F407 Flash'
compiling main.c...
compiling simpleRoundRobin.c...
compiling os.c...
linking...
Program Size: Code=2336 RO-data=452 RW-data=56 ZI-data=5312  
".\Flash\DocetOS_mutex.axf" - 0 Error(s), 0 Warning(s).
Rebuild target 'STM32F407 Flash'
compiling retarget.c...
compiling system_stm32f4xx.c...
assembling startup_stm32f4xx.s...
compiling serial.c...
compiling main.c...
compiling simpleRoundRobin.c...
assembling os_asm.s...
OS\os_asm.s(51): error: A1516E: Bad symbol '_svc_OS_mutex_aquire', not defined or external
compiling os.c...
compiling hardfault.c...
Target not created
Build target 'STM32F407 Flash'
assembling os_asm.s...
linking...
Program Size: Code=2348 RO-data=452 RW-data=56 ZI-data=5312  
".\Flash\DocetOS_mutex.axf" - 0 Error(s), 0 Warning(s).
Build target 'STM32F407 Flash'
assembling os_asm.s...
linking...
.\Flash\DocetOS_mutex.axf: Error: L6218E: Undefined symbol _svc_OS_mutex_acquire (referred from os_asm.o).
Target not created
Rebuild target 'STM32F407 Flash'
compiling retarget.c...
compiling system_stm32f4xx.c...
assembling startup_stm32f4xx.s...
compiling serial.c...
compiling main.c...
compiling simpleRoundRobin.c...
assembling os_asm.s...
compiling os.c...
compiling hardfault.c...
linking...
Program Size: Code=2348 RO-data=452 RW-data=56 ZI-data=5312  
".\Flash\DocetOS_mutex.axf" - 0 Error(s), 0 Warning(s).
Build target 'STM32F407 Flash'
compiling os.c...
OS\os.c(130): error:  #20: identifier "stack" is undefined
Target not created
Build target 'STM32F407 Flash'
compiling os.c...
OS\os.c(130): error:  #29: expected an expression
Target not created
Build target 'STM32F407 Flash'
compiling os.c...
OS\os.c(130): error:  #119: cast to type "OS_TCB_t" is not allowed
OS\os.c(130): error:  #29: expected an expression
Target not created
Build target 'STM32F407 Flash'
compiling os.c...
OS\os.c(130): error:  #165: too few arguments in function call
OS\os.c(134): error:  #165: too few arguments in function call
Target not created
Build target 'STM32F407 Flash'
compiling os.c...
linking...
Program Size: Code=2376 RO-data=452 RW-data=56 ZI-data=5312  
".\Flash\DocetOS_mutex.axf" - 0 Error(s), 0 Warning(s).
Build target 'STM32F407 Flash'
assembling os_asm.s...
OS\os_asm.s(51): error: A1516E: Bad symbol '_svc_OS_wait', not defined or external
OS\os_asm.s(52): error: A1516E: Bad symbol '_svc_OS_notify', not defined or external
compiling os.c...
Target not created
Build target 'STM32F407 Flash'
assembling os_asm.s...
linking...
Program Size: Code=2376 RO-data=452 RW-data=56 ZI-data=5312  
".\Flash\DocetOS_mutex.axf" - 0 Error(s), 0 Warning(s).
Build target 'STM32F407 Flash'
compiling mutex.c...
Mutex\mutex.c(1): warning:  #1-D: last line of file ends without a newline
Mutex\mutex.h(1): error:  #37: the #endif for this directive is missing
Target not created
Build target 'STM32F407 Flash'
compiling mutex.c...
Mutex\mutex.h(1): error:  #37: the #endif for this directive is missing
Target not created
Build target 'STM32F407 Flash'
compiling mutex.c...
Mutex\mutex.h(6): warning:  #1-D: last line of file ends without a newline
linking...
Program Size: Code=2376 RO-data=452 RW-data=56 ZI-data=5312  
".\Flash\DocetOS_mutex.axf" - 0 Error(s), 1 Warning(s).
Build target 'STM32F407 Flash'
compiling mutex.c...
linking...
Program Size: Code=2376 RO-data=452 RW-data=56 ZI-data=5312  
".\Flash\DocetOS_mutex.axf" - 0 Error(s), 0 Warning(s).
Build target 'STM32F407 Flash'
compiling mutex.c...
Mutex\mutex.h(5): error:  #20: identifier "OS_TCB_t" is undefined
Mutex\mutex.h(6): error:  #20: identifier "uint32_t" is undefined
Target not created
Build target 'STM32F407 Flash'
compiling mutex.c...
linking...
Program Size: Code=2376 RO-data=452 RW-data=56 ZI-data=5312  
".\Flash\DocetOS_mutex.axf" - 0 Error(s), 0 Warning(s).
Build target 'STM32F407 Flash'
compiling mutex.c...
linking...
Program Size: Code=2376 RO-data=452 RW-data=56 ZI-data=5312  
".\Flash\DocetOS_mutex.axf" - 0 Error(s), 0 Warning(s).
Build target 'STM32F407 Flash'
compiling mutex.c...
Mutex\mutex.c(4): error:  #109: expression must have (pointer-to-) function type
Mutex\mutex.c(5): error:  #109: expression must have (pointer-to-) function type
Target not created
Build target 'STM32F407 Flash'
compiling mutex.c...
Mutex\mutex.c(4): error:  #109: expression must have (pointer-to-) function type
Mutex\mutex.c(5): error:  #109: expression must have (pointer-to-) function type
Target not created
Build target 'STM32F407 Flash'
compiling mutex.c...
linking...
Program Size: Code=2376 RO-data=452 RW-data=56 ZI-data=5312  
".\Flash\DocetOS_mutex.axf" - 0 Error(s), 0 Warning(s).
Build target 'STM32F407 Flash'
compiling mutex.c...
Mutex\mutex.c(11): error:  #260-D: explicit type is missing ("int" assumed)
Mutex\mutex.c(15): error:  #260-D: explicit type is missing ("int" assumed)
Target not created
Build target 'STM32F407 Flash'
compiling mutex.c...
linking...
Program Size: Code=2376 RO-data=452 RW-data=56 ZI-data=5312  
".\Flash\DocetOS_mutex.axf" - 0 Error(s), 0 Warning(s).
